    0    1    2    3    4    5

0 [   ][ B ][A  ][   ][   ][   ]

1 [   ][   ][  C][   ][   ][   ]

2 [   ][   ][   ][   ][   ][   ]

3 [   ][   ][   ][   ][   ][   ]
