    0    1    2    3    4    5

0 [   ][ B ][   ][   ][   ][   ]

1 [   ][A  ][   ][   ][   ][   ]

2 [   ][   ][   ][   ][   ][   ]

3 [   ][   ][   ][   ][   ][   ]
