    0    1    2    3    4    5

0 [  C][ B ][A  ][   ][   ][   ]

1 [   ][   ][   ][   ][   ][   ]

2 [   ][   ][   ][   ][   ][   ]

3 [   ][   ][   ][   ][   ][   ]
