    0    1    2    3    4    5

0 [  C][A  ][ B ][   ][   ][   ]

1 [   ][   ][   ][   ][   ][   ]

2 [   ][   ][   ][   ][   ][   ]

3 [   ][   ][   ][   ][   ][   ]
