    0    1    2    3    4    5

0 [   ][   ][A  ][   ][   ][   ]

1 [   ][  C][ B ][   ][   ][   ]

2 [   ][   ][   ][   ][   ][   ]

3 [   ][   ][   ][   ][   ][   ]
