    0    1    2    3    4    5

0 [A  ][   ][   ][   ][   ][   ]

1 [ B ][   ][   ][   ][   ][   ]

2 [   ][   ][   ][   ][   ][   ]

3 [   ][   ][  C][   ][   ][   ]
