    0    1    2    3    4    5

0 [ BC][A  ][   ][   ][   ][   ]

1 [   ][   ][   ][   ][   ][   ]

2 [   ][   ][   ][   ][   ][   ]

3 [   ][   ][   ][   ][   ][   ]
